V3 83
FL C:/Users/neo30/Desktop/lab1-submission/labe/src/AND.vhd 2017/10/24.20:53:15 P.20131013
EN work/and_gate 1508952189 \
      FL C:/Users/neo30/Desktop/lab1-submission/labe/src/AND.vhd \
      PB ieee/std_logic_1164 1381692176
AR work/and_gate/and_architecture 1508952190 \
      FL C:/Users/neo30/Desktop/lab1-submission/labe/src/AND.vhd EN work/and_gate 1508952189
FL C:/Users/neo30/Desktop/lab1-submission/labe/src/full_adder.vhd 2017/10/24.20:53:15 P.20131013
EN work/full_adder 1508952179 \
      FL C:/Users/neo30/Desktop/lab1-submission/labe/src/full_adder.vhd \
      PB ieee/std_logic_1164 1381692176
AR work/full_adder/multi_component_full_adder 1508952180 \
      FL C:/Users/neo30/Desktop/lab1-submission/labe/src/full_adder.vhd \
      EN work/full_adder 1508952179 CP half_adder CP or_gate
FL C:/Users/neo30/Desktop/lab1-submission/labe/src/half_adder.vhd 2017/10/25.16:40:04 P.20131013
EN work/half_adder 1508952175 \
      FL C:/Users/neo30/Desktop/lab1-submission/labe/src/half_adder.vhd \
      PB ieee/std_logic_1164 1381692176
AR work/half_adder/low_level_half_adder 1508952176 \
      FL C:/Users/neo30/Desktop/lab1-submission/labe/src/half_adder.vhd \
      EN work/half_adder 1508952175
EN work/four_bit_add_sub 0 \
      FL C:/Users/neo30/Desktop/lab1-submission/labe/src/lab2src/four_bit_add_sub.vhd \
      PB ieee/std_logic_1164 1381692176
AR work/four_bit_add_sub/Behavioral 0 \
      FL C:/Users/neo30/Desktop/lab1-submission/labe/src/lab2src/four_bit_add_sub.vhd \
      EN work/four_bit_add_sub 0 CP four_bit_xor_control CP four_bit_LAC_adder
EN work/four_bit_alu 0 \
      FL C:/Users/neo30/Desktop/lab1-submission/labe/src/lab2src/four_bit_alu.vhd \
      PB ieee/std_logic_1164 1381692176 PB ieee/std_logic_arith 1381692177 \
      PB ieee/STD_LOGIC_UNSIGNED 1381692179
AR work/four_bit_alu/Behavioral 0 \
      FL C:/Users/neo30/Desktop/lab1-submission/labe/src/lab2src/four_bit_alu.vhd \
      EN work/four_bit_alu 0 CP four_bit_arith_unit CP n_bit_logic_unit \
      CP n_bit_two_input_mux
EN work/four_bit_arith_unit 0 \
      FL C:/Users/neo30/Desktop/lab1-submission/labe/src/lab2src/four_bit_arith_unit.vhd \
      PB ieee/std_logic_1164 1381692176
AR work/four_bit_arith_unit/Behavioral 0 \
      FL C:/Users/neo30/Desktop/lab1-submission/labe/src/lab2src/four_bit_arith_unit.vhd \
      EN work/four_bit_arith_unit 0 CP n_bit_two_input_mux CP four_bit_add_sub
FL C:/Users/neo30/Desktop/lab1-submission/labe/src/lab2src/four_bit_LAC.vhd 2016/10/21.15:16:22 P.20131013
EN work/four_bit_LAC 1508952181 \
      FL C:/Users/neo30/Desktop/lab1-submission/labe/src/lab2src/four_bit_LAC.vhd \
      PB ieee/std_logic_1164 1381692176 PB ieee/std_logic_arith 1381692177 \
      PB ieee/STD_LOGIC_UNSIGNED 1381692179
AR work/four_bit_LAC/Behavioral 1508952182 \
      FL C:/Users/neo30/Desktop/lab1-submission/labe/src/lab2src/four_bit_LAC.vhd \
      EN work/four_bit_LAC 1508952181
FL C:/Users/neo30/Desktop/lab1-submission/labe/src/lab2src/four_bit_LAC_adder.vhd 2016/10/26.18:36:30 P.20131013
EN work/four_bit_LAC_adder 1508952201 \
      FL C:/Users/neo30/Desktop/lab1-submission/labe/src/lab2src/four_bit_LAC_adder.vhd \
      PB ieee/std_logic_1164 1381692176
AR work/four_bit_LAC_adder/Behavioral 1508952202 \
      FL C:/Users/neo30/Desktop/lab1-submission/labe/src/lab2src/four_bit_LAC_adder.vhd \
      EN work/four_bit_LAC_adder 1508952201 CP four_bit_LAC CP n_bit_adder
FL C:/Users/neo30/Desktop/lab1-submission/labe/src/lab2src/four_bit_xor_control.vhd 2016/10/24.16:45:58 P.20131013
EN work/four_bit_xor_control 1508952199 \
      FL C:/Users/neo30/Desktop/lab1-submission/labe/src/lab2src/four_bit_xor_control.vhd \
      PB ieee/std_logic_1164 1381692176
AR work/four_bit_xor_control/Behavioral 1508952200 \
      FL C:/Users/neo30/Desktop/lab1-submission/labe/src/lab2src/four_bit_xor_control.vhd \
      EN work/four_bit_xor_control 1508952199 CP two_input_xor
FL C:/Users/neo30/Desktop/lab1-submission/labe/src/lab2src/four_input_multiplexer.vhd 2016/10/26.18:36:30 P.20131013
EN work/four_input_multiplexer 1508952197 \
      FL C:/Users/neo30/Desktop/lab1-submission/labe/src/lab2src/four_input_multiplexer.vhd \
      PB ieee/std_logic_1164 1381692176
AR work/four_input_multiplexer/Behavioral 1508952198 \
      FL C:/Users/neo30/Desktop/lab1-submission/labe/src/lab2src/four_input_multiplexer.vhd \
      EN work/four_input_multiplexer 1508952197
FL C:/Users/neo30/Desktop/lab1-submission/labe/src/lab2src/logic_bit_slice.vhd 2016/10/26.18:36:30 P.20131013
EN work/logic_bit_slice 1508952205 \
      FL C:/Users/neo30/Desktop/lab1-submission/labe/src/lab2src/logic_bit_slice.vhd \
      PB ieee/std_logic_1164 1381692176
AR work/logic_bit_slice/Behavioral 1508952206 \
      FL C:/Users/neo30/Desktop/lab1-submission/labe/src/lab2src/logic_bit_slice.vhd \
      EN work/logic_bit_slice 1508952205 CP one_input_not CP two_input_and \
      CP two_input_xor CP two_input_or CP four_input_multiplexer
FL C:/Users/neo30/Desktop/lab1-submission/labe/src/lab2src/n_bit_adder.vhd 2016/10/21.15:19:32 P.20131013
EN work/n_bit_adder 1508952183 \
      FL C:/Users/neo30/Desktop/lab1-submission/labe/src/lab2src/n_bit_adder.vhd \
      PB ieee/std_logic_1164 1381692176
AR work/n_bit_adder/Behavioral 1508952184 \
      FL C:/Users/neo30/Desktop/lab1-submission/labe/src/lab2src/n_bit_adder.vhd \
      EN work/n_bit_adder 1508952183 CP full_adder
EN work/n_bit_logic_unit 0 \
      FL C:/Users/neo30/Desktop/lab1-submission/labe/src/lab2src/n_bit_logic_unit.vhd \
      PB ieee/std_logic_1164 1381692176
AR work/n_bit_logic_unit/Behavioral 0 \
      FL C:/Users/neo30/Desktop/lab1-submission/labe/src/lab2src/n_bit_logic_unit.vhd \
      EN work/n_bit_logic_unit 0 CP logic_bit_slice
EN work/n_bit_two_input_mux 0 \
      FL C:/Users/neo30/Desktop/lab1-submission/labe/src/lab2src/n_bit_two_input_mux.vhd \
      PB ieee/std_logic_1164 1381692176
AR work/n_bit_two_input_mux/Behavioral 0 \
      FL C:/Users/neo30/Desktop/lab1-submission/labe/src/lab2src/n_bit_two_input_mux.vhd \
      EN work/n_bit_two_input_mux 0 CP two_input_multiplexer
FL C:/Users/neo30/Desktop/lab1-submission/labe/src/lab2src/one_input_not.vhd 2016/10/26.18:39:42 P.20131013
EN work/one_input_not 1508952191 \
      FL C:/Users/neo30/Desktop/lab1-submission/labe/src/lab2src/one_input_not.vhd \
      PB ieee/std_logic_1164 1381692176
AR work/one_input_not/Behavioral 1508952192 \
      FL C:/Users/neo30/Desktop/lab1-submission/labe/src/lab2src/one_input_not.vhd \
      EN work/one_input_not 1508952191
FL C:/Users/neo30/Desktop/lab1-submission/labe/src/lab2src/two_input_and.vhd 2016/10/26.18:41:28 P.20131013
EN work/two_input_and 1508952193 \
      FL C:/Users/neo30/Desktop/lab1-submission/labe/src/lab2src/two_input_and.vhd \
      PB ieee/std_logic_1164 1381692176 PB ieee/std_logic_arith 1381692177 \
      PB ieee/STD_LOGIC_UNSIGNED 1381692179
AR work/two_input_and/my_architecture 1508952194 \
      FL C:/Users/neo30/Desktop/lab1-submission/labe/src/lab2src/two_input_and.vhd \
      EN work/two_input_and 1508952193
FL C:/Users/neo30/Desktop/lab1-submission/labe/src/lab2src/two_input_or.vhd 2016/10/26.18:43:00 P.20131013
EN work/two_input_or 1508952195 \
      FL C:/Users/neo30/Desktop/lab1-submission/labe/src/lab2src/two_input_or.vhd \
      PB ieee/std_logic_1164 1381692176 PB ieee/std_logic_arith 1381692177 \
      PB ieee/STD_LOGIC_UNSIGNED 1381692179
AR work/two_input_or/my_architecture 1508952196 \
      FL C:/Users/neo30/Desktop/lab1-submission/labe/src/lab2src/two_input_or.vhd \
      EN work/two_input_or 1508952195
FL C:/Users/neo30/Desktop/lab1-submission/labe/src/lab2src/two_input_xor.vhd 2016/10/26.18:43:08 P.20131013
EN work/two_input_xor 1508952185 \
      FL C:/Users/neo30/Desktop/lab1-submission/labe/src/lab2src/two_input_xor.vhd \
      PB ieee/std_logic_1164 1381692176 PB ieee/std_logic_arith 1381692177 \
      PB ieee/STD_LOGIC_UNSIGNED 1381692179
AR work/two_input_xor/my_architecture 1508952186 \
      FL C:/Users/neo30/Desktop/lab1-submission/labe/src/lab2src/two_input_xor.vhd \
      EN work/two_input_xor 1508952185
FL C:/Users/neo30/Desktop/lab1-submission/labe/src/NOT.vhd 2017/10/24.20:53:15 P.20131013
EN work/not_gate 1508952187 \
      FL C:/Users/neo30/Desktop/lab1-submission/labe/src/NOT.vhd \
      PB ieee/std_logic_1164 1381692176
AR work/not_gate/not_architecture 1508952188 \
      FL C:/Users/neo30/Desktop/lab1-submission/labe/src/NOT.vhd EN work/not_gate 1508952187
FL C:/Users/neo30/Desktop/lab1-submission/labe/src/OR.vhd 2017/10/24.20:53:15 P.20131013
EN work/or_gate 1508952177 \
      FL C:/Users/neo30/Desktop/lab1-submission/labe/src/OR.vhd \
      PB ieee/std_logic_1164 1381692176
AR work/or_gate/and_architecture 1508952178 \
      FL C:/Users/neo30/Desktop/lab1-submission/labe/src/OR.vhd EN work/or_gate 1508952177
FL C:/Users/neo30/Desktop/lab1-submission/labe/src/two_input_multiplexer.vhd 2017/10/24.20:53:15 P.20131013
EN work/two_input_multiplexer 1508952203 \
      FL C:/Users/neo30/Desktop/lab1-submission/labe/src/two_input_multiplexer.vhd \
      PB ieee/std_logic_1164 1381692176
AR work/two_input_multiplexer/multi_component_two_input_multiplexer_arch 1508952204 \
      FL C:/Users/neo30/Desktop/lab1-submission/labe/src/two_input_multiplexer.vhd \
      EN work/two_input_multiplexer 1508952203 CP not_gate CP and_gate CP or_gate
