AR two_input_xor behavioral C:/Users/js317/Desktop/DSD/Lab1/two_input_xor.vhd sub00/vhpl17 1508425577
AR two_input_and behavioral C:/Users/js317/Desktop/DSD/Lab1/two_input_and.vhd sub00/vhpl13 1508425552
EN two_input_nor NULL C:/Users/js317/Desktop/DSD/Lab1/two_input_nor.vhd sub00/vhpl14 1508425568
AR not_gate behavioral C:/Users/js317/Desktop/DSD/Lab1/not_gate.vhd sub00/vhpl05 1508425516
EN half_adder NULL C:/Users/js317/Desktop/DSD/Lab1/half_adder.vhd sub00/vhpl06 1508430126
EN not_gate NULL C:/Users/js317/Desktop/DSD/Lab1/not_gate.vhd sub00/vhpl04 1508425515
AR four_input_nor behavioral C:/Users/js317/Desktop/DSD/Lab1/four_input_nor.vhd sub00/vhpl03 1508425495
AR three_input_or behavioral C:/Users/js317/Desktop/DSD/Lab1/three_input_or.vhd sub00/vhpl11 1508425544
EN two_input_and NULL C:/Users/js317/Desktop/DSD/Lab1/two_input_and.vhd sub00/vhpl12 1508425551
EN two_input_nand NULL C:/Users/js317/Desktop/DSD/Lab1/two_input_nand.vhd sub00/vhpl00 1508425559
EN two_input_xor NULL C:/Users/js317/Desktop/DSD/Lab1/two_input_xor.vhd sub00/vhpl16 1508425576
AR two_input_or behavioral C:/Users/js317/Desktop/DSD/Lab1/two_input_or.vhd sub00/vhpl09 1508430129
EN two_to_one_mux NULL C:/Users/js317/Desktop/DSD/Lab1/two_to_one_mux.vhd sub00/vhpl18 1508425585
EN two_input_or NULL C:/Users/js317/Desktop/DSD/Lab1/two_input_or.vhd sub00/vhpl08 1508430128
AR two_input_nor behavioral C:/Users/js317/Desktop/DSD/Lab1/two_input_nor.vhd sub00/vhpl15 1508425569
EN three_input_or NULL C:/Users/js317/Desktop/DSD/Lab1/three_input_or.vhd sub00/vhpl10 1508425543
AR two_input_nand behavioral C:/Users/js317/Desktop/DSD/Lab1/two_input_nand.vhd sub00/vhpl01 1508425560
EN full_adder NULL C:/Users/js317/Desktop/DSD/Lab1/full_adder.vhd sub00/vhpl20 1508430130
AR two_to_one_mux behavioral C:/Users/js317/Desktop/DSD/Lab1/two_to_one_mux.vhd sub00/vhpl19 1508425586
AR half_adder behavioral C:/Users/js317/Desktop/DSD/Lab1/half_adder.vhd sub00/vhpl07 1508430127
AR full_adder halfadd_architecture C:/Users/js317/Desktop/DSD/Lab1/full_adder.vhd sub00/vhpl21 1508430131
EN four_input_nor NULL C:/Users/js317/Desktop/DSD/Lab1/four_input_nor.vhd sub00/vhpl02 1508425494
