V3 35
FL C:/Users/js317/Desktop/DSD/Lab1/four_input_nor.vhd 2017/10/19.15:57:13 P.20131013
EN work/four_input_nor 1508425494 \
      FL C:/Users/js317/Desktop/DSD/Lab1/four_input_nor.vhd \
      PB ieee/std_logic_1164 1381692176
AR work/four_input_nor/Behavioral 1508425495 \
      FL C:/Users/js317/Desktop/DSD/Lab1/four_input_nor.vhd \
      EN work/four_input_nor 1508425494
FL C:/Users/js317/Desktop/DSD/Lab1/full_adder.vhd 2017/10/19.15:58:43 P.20131013
EN work/full_adder 1508430130 FL C:/Users/js317/Desktop/DSD/Lab1/full_adder.vhd \
      PB ieee/std_logic_1164 1381692176
AR work/full_adder/halfadd_architecture 1508430131 \
      FL C:/Users/js317/Desktop/DSD/Lab1/full_adder.vhd EN work/full_adder 1508430130 \
      CP half_adder CP two_input_or
FL C:/Users/js317/Desktop/DSD/Lab1/half_adder.vhd 2017/10/19.15:59:19 P.20131013
EN work/half_adder 1508430126 FL C:/Users/js317/Desktop/DSD/Lab1/half_adder.vhd \
      PB ieee/std_logic_1164 1381692176
AR work/half_adder/Behavioral 1508430127 \
      FL C:/Users/js317/Desktop/DSD/Lab1/half_adder.vhd EN work/half_adder 1508430126
FL C:/Users/js317/Desktop/DSD/Lab1/not_gate.vhd 2017/10/19.15:50:51 P.20131013
EN work/not_gate 1508425515 FL C:/Users/js317/Desktop/DSD/Lab1/not_gate.vhd \
      PB ieee/std_logic_1164 1381692176
AR work/not_gate/Behavioral 1508425516 \
      FL C:/Users/js317/Desktop/DSD/Lab1/not_gate.vhd EN work/not_gate 1508425515
FL C:/Users/js317/Desktop/DSD/Lab1/three_input_or.vhd 2017/10/19.15:53:16 P.20131013
EN work/three_input_or 1508425543 \
      FL C:/Users/js317/Desktop/DSD/Lab1/three_input_or.vhd \
      PB ieee/std_logic_1164 1381692176
AR work/three_input_or/Behavioral 1508425544 \
      FL C:/Users/js317/Desktop/DSD/Lab1/three_input_or.vhd \
      EN work/three_input_or 1508425543
FL C:/Users/js317/Desktop/DSD/Lab1/two_input_and.vhd 2017/10/19.15:56:07 P.20131013
EN work/two_input_and 1508425551 \
      FL C:/Users/js317/Desktop/DSD/Lab1/two_input_and.vhd PB ieee/std_logic_1164 1381692176
AR work/two_input_and/Behavioral 1508425552 \
      FL C:/Users/js317/Desktop/DSD/Lab1/two_input_and.vhd EN work/two_input_and 1508425551
FL C:/Users/js317/Desktop/DSD/Lab1/two_input_nand.vhd 2017/10/19.16:02:35 P.20131013
EN work/two_input_nand 1508425559 \
      FL C:/Users/js317/Desktop/DSD/Lab1/two_input_nand.vhd \
      PB ieee/std_logic_1164 1381692176
AR work/two_input_nand/Behavioral 1508425560 \
      FL C:/Users/js317/Desktop/DSD/Lab1/two_input_nand.vhd \
      EN work/two_input_nand 1508425559
FL C:/Users/js317/Desktop/DSD/Lab1/two_input_nor.vhd 2017/10/19.16:00:23 P.20131013
EN work/two_input_nor 1508425568 \
      FL C:/Users/js317/Desktop/DSD/Lab1/two_input_nor.vhd PB ieee/std_logic_1164 1381692176
AR work/two_input_nor/Behavioral 1508425569 \
      FL C:/Users/js317/Desktop/DSD/Lab1/two_input_nor.vhd EN work/two_input_nor 1508425568
FL C:/Users/js317/Desktop/DSD/Lab1/two_input_or.vhd 2017/10/19.16:01:03 P.20131013
EN work/two_input_or 1508430128 \
      FL C:/Users/js317/Desktop/DSD/Lab1/two_input_or.vhd PB ieee/std_logic_1164 1381692176
AR work/two_input_or/Behavioral 1508430129 \
      FL C:/Users/js317/Desktop/DSD/Lab1/two_input_or.vhd EN work/two_input_or 1508430128
FL C:/Users/js317/Desktop/DSD/Lab1/two_input_xor.vhd 2017/10/19.16:01:32 P.20131013
EN work/two_input_xor 1508425576 \
      FL C:/Users/js317/Desktop/DSD/Lab1/two_input_xor.vhd PB ieee/std_logic_1164 1381692176
AR work/two_input_xor/Behavioral 1508425577 \
      FL C:/Users/js317/Desktop/DSD/Lab1/two_input_xor.vhd EN work/two_input_xor 1508425576
FL C:/Users/js317/Desktop/DSD/Lab1/two_to_one_mux.vhd 2017/10/19.16:02:11 P.20131013
EN work/two_to_one_mux 1508425585 \
      FL C:/Users/js317/Desktop/DSD/Lab1/two_to_one_mux.vhd \
      PB ieee/std_logic_1164 1381692176
AR work/two_to_one_mux/Behavioral 1508425586 \
      FL C:/Users/js317/Desktop/DSD/Lab1/two_to_one_mux.vhd \
      EN work/two_to_one_mux 1508425585
