EN four_input_mux NULL C:/Users/neoke/Desktop/DSD-E/for_testing_submission/project/microprogram_cdp_test_VHDL/four_input_mux.vhd sub00/vhpl16 1510773015
AR not_gate not_architecture C:/Users/neoke/Desktop/DSD-E/for_testing_submission/project/microprogram_cdp_test_VHDL/NOT.vhd sub00/vhpl13 1510773012
EN four_bit_alu NULL C:/Users/neoke/Desktop/DSD-E/for_testing_submission/project/microprogram_cdp_test_VHDL/four_bit_alu.vhd sub00/vhpl34 1510773033
EN four_bit_lac NULL C:/Users/neoke/Desktop/DSD-E/for_testing_submission/project/microprogram_cdp_test_VHDL/four_bit_LAC.vhd sub00/vhpl06 1510773005
AR and_gate and_architecture C:/Users/neoke/Desktop/DSD-E/for_testing_submission/project/microprogram_cdp_test_VHDL/AND.vhd sub00/vhpl15 1510773014
AR nbit_two_input_mux behavioral C:/Users/neoke/Desktop/DSD-E/for_testing_submission/project/microprogram_cdp_test_VHDL/nbit_two_input_mux.vhd sub00/vhpl27 1510773026
EN four_bit_lac_adder NULL C:/Users/neoke/Desktop/DSD-E/for_testing_submission/project/microprogram_cdp_test_VHDL/four_bit_LAC_adder.vhd sub00/vhpl20 1510773019
EN nbit_adder NULL C:/Users/neoke/Desktop/DSD-E/for_testing_submission/project/microprogram_cdp_test_VHDL/nbit_adder.vhd sub00/vhpl08 1510773007
EN nbit_two_input_mux NULL C:/Users/neoke/Desktop/DSD-E/for_testing_submission/project/microprogram_cdp_test_VHDL/nbit_two_input_mux.vhd sub00/vhpl26 1510773025
EN half_adder NULL C:/Users/neoke/Desktop/DSD-E/for_testing_submission/project/microprogram_cdp_test_VHDL/half_adder.vhd sub00/vhpl00 1510772999
EN not_gate NULL C:/Users/neoke/Desktop/DSD-E/for_testing_submission/project/microprogram_cdp_test_VHDL/NOT.vhd sub00/vhpl12 1510773011
AR one_bit_logic_slice behavioral C:/Users/neoke/Desktop/DSD-E/for_testing_submission/project/microprogram_cdp_test_VHDL/one_bit_logic_slice.vhd sub00/vhpl25 1510773024
AR nbit_adder behavioral C:/Users/neoke/Desktop/DSD-E/for_testing_submission/project/microprogram_cdp_test_VHDL/nbit_adder.vhd sub00/vhpl09 1510773008
AR half_adder low_level_half_adder C:/Users/neoke/Desktop/DSD-E/for_testing_submission/project/microprogram_cdp_test_VHDL/half_adder.vhd sub00/vhpl01 1510773000
AR nbit_xor_contol behavioral C:/Users/neoke/Desktop/DSD-E/for_testing_submission/project/microprogram_cdp_test_VHDL/nbit_xor_contol.vhd sub00/vhpl19 1510773018
AR four_bit_alu behavioral C:/Users/neoke/Desktop/DSD-E/for_testing_submission/project/microprogram_cdp_test_VHDL/four_bit_alu.vhd sub00/vhpl35 1510773034
EN one_bit_logic_slice NULL C:/Users/neoke/Desktop/DSD-E/for_testing_submission/project/microprogram_cdp_test_VHDL/one_bit_logic_slice.vhd sub00/vhpl24 1510773023
EN four_bit_arithmetic_unit NULL C:/Users/neoke/Desktop/DSD-E/for_testing_submission/project/microprogram_cdp_test_VHDL/four_bit_arithmetic_unit.vhd sub00/vhpl30 1510773029
AR full_adder multi_component_full_adder C:/Users/neoke/Desktop/DSD-E/for_testing_submission/project/microprogram_cdp_test_VHDL/full_adder.vhd sub00/vhpl05 1510773004
AR xor_gate xor_architecture C:/Users/neoke/Desktop/DSD-E/for_testing_submission/project/microprogram_cdp_test_VHDL/XOR.vhd sub00/vhpl11 1510773010
EN four_bit_adder_subtractor NULL C:/Users/neoke/Desktop/DSD-E/for_testing_submission/project/microprogram_cdp_test_VHDL/four_bit_adder_subtractor.vhd sub00/vhpl28 1510773027
AR four_bit_arithmetic_unit behavioral C:/Users/neoke/Desktop/DSD-E/for_testing_submission/project/microprogram_cdp_test_VHDL/four_bit_arithmetic_unit.vhd sub00/vhpl31 1510773030
EN full_adder NULL C:/Users/neoke/Desktop/DSD-E/for_testing_submission/project/microprogram_cdp_test_VHDL/full_adder.vhd sub00/vhpl04 1510773003
EN or_gate NULL C:/Users/neoke/Desktop/DSD-E/for_testing_submission/project/microprogram_cdp_test_VHDL/OR.vhd sub00/vhpl02 1510773001
AR four_bit_lac behavioral C:/Users/neoke/Desktop/DSD-E/for_testing_submission/project/microprogram_cdp_test_VHDL/four_bit_LAC.vhd sub00/vhpl07 1510773006
AR four_input_mux behavioural C:/Users/neoke/Desktop/DSD-E/for_testing_submission/project/microprogram_cdp_test_VHDL/four_input_mux.vhd sub00/vhpl17 1510773016
AR nbit_logic_unit behavioral C:/Users/neoke/Desktop/DSD-E/for_testing_submission/project/microprogram_cdp_test_VHDL/nbit_logic_unit.vhd sub00/vhpl33 1510773032
AR four_bit_adder_subtractor behavioral C:/Users/neoke/Desktop/DSD-E/for_testing_submission/project/microprogram_cdp_test_VHDL/four_bit_adder_subtractor.vhd sub00/vhpl29 1510773028
EN xor_gate NULL C:/Users/neoke/Desktop/DSD-E/for_testing_submission/project/microprogram_cdp_test_VHDL/XOR.vhd sub00/vhpl10 1510773009
EN nbit_logic_unit NULL C:/Users/neoke/Desktop/DSD-E/for_testing_submission/project/microprogram_cdp_test_VHDL/nbit_logic_unit.vhd sub00/vhpl32 1510773031
AR four_bit_lac_adder behavioral C:/Users/neoke/Desktop/DSD-E/for_testing_submission/project/microprogram_cdp_test_VHDL/four_bit_LAC_adder.vhd sub00/vhpl21 1510773020
AR two_input_multiplexer multi_component_two_input_multiplexer_arch C:/Users/neoke/Desktop/DSD-E/for_testing_submission/project/microprogram_cdp_test_VHDL/two_input_multiplexer.vhd sub00/vhpl23 1510773022
EN two_input_multiplexer NULL C:/Users/neoke/Desktop/DSD-E/for_testing_submission/project/microprogram_cdp_test_VHDL/two_input_multiplexer.vhd sub00/vhpl22 1510773021
AR or_gate and_architecture C:/Users/neoke/Desktop/DSD-E/for_testing_submission/project/microprogram_cdp_test_VHDL/OR.vhd sub00/vhpl03 1510773002
EN and_gate NULL C:/Users/neoke/Desktop/DSD-E/for_testing_submission/project/microprogram_cdp_test_VHDL/AND.vhd sub00/vhpl14 1510773013
EN nbit_xor_contol NULL C:/Users/neoke/Desktop/DSD-E/for_testing_submission/project/microprogram_cdp_test_VHDL/nbit_xor_contol.vhd sub00/vhpl18 1510773017
