AR nbit_count_enable behavioral E:/for_testing_submission/src/lab4/nbit_count_enable.vhd sub00/vhpl41 1511369678
AR not_gate not_architecture E:/for_testing_submission/project/microprogram_cdp_test_VHDL/NOT.vhd sub00/vhpl25 1511369197
EN four_bit_updown_counter NULL E:/for_testing_submission/src/lab4/four_bit_updown_counter.vhd sub00/vhpl22 1511368824
EN four_bit_lac NULL E:/for_testing_submission/project/microprogram_cdp_test_VHDL/four_bit_LAC.vhd sub00/vhpl06 1511368808
EN d_flipflop NULL E:/for_testing_submission/project/microprogram_cdp_test_VHDL/d_flipflop.vhd sub00/vhpl12 1511369663
AR and_gate and_architecture E:/for_testing_submission/project/microprogram_cdp_test_VHDL/AND.vhd sub00/vhpl27 1511369199
EN nbit_count_enable NULL E:/for_testing_submission/src/lab4/nbit_count_enable.vhd sub00/vhpl40 1511369677
AR nbit_two_input_mux behavioral E:/for_testing_submission/project/microprogram_cdp_test_VHDL/nbit_two_input_mux.vhd sub00/vhpl33 1511369211
EN four_bit_lac_adder NULL E:/for_testing_submission/project/microprogram_cdp_test_VHDL/four_bit_LAC_adder.vhd sub00/vhpl16 1511368818
EN nbit_adder NULL E:/for_testing_submission/project/microprogram_cdp_test_VHDL/nbit_adder.vhd sub00/vhpl08 1511368810
EN nbit_two_input_mux NULL E:/for_testing_submission/project/microprogram_cdp_test_VHDL/nbit_two_input_mux.vhd sub00/vhpl32 1511369210
AR nbit_incrementer behavioral E:/for_testing_submission/src/lab4/nbit_incrementer.vhd sub00/vhpl31 1511369670
EN nbit_parallel_load_sync_counter NULL E:/for_testing_submission/src/lab4/nbit_parallel_load_sync_counter.vhd sub00/vhpl36 1511369216
EN half_adder NULL E:/for_testing_submission/project/microprogram_cdp_test_VHDL/half_adder.vhd sub00/vhpl00 1511369667
EN not_gate NULL E:/for_testing_submission/project/microprogram_cdp_test_VHDL/NOT.vhd sub00/vhpl24 1511369196
AR nbit_adder behavioral E:/for_testing_submission/project/microprogram_cdp_test_VHDL/nbit_adder.vhd sub00/vhpl09 1511368811
EN nbit_reg NULL E:/for_testing_submission/project/microprogram_cdp_test_VHDL/nbit_reg.vhd sub00/vhpl20 1511369671
AR half_adder low_level_half_adder E:/for_testing_submission/project/microprogram_cdp_test_VHDL/half_adder.vhd sub00/vhpl01 1511369668
AR nbit_xor_contol behavioral E:/for_testing_submission/project/microprogram_cdp_test_VHDL/nbit_xor_contol.vhd sub00/vhpl15 1511368817
AR nbit_reg behavioural E:/for_testing_submission/project/microprogram_cdp_test_VHDL/nbit_reg.vhd sub00/vhpl21 1511369672
AR four_bit_updown_counter behavioural E:/for_testing_submission/src/lab4/four_bit_updown_counter.vhd sub00/vhpl23 1511368825
AR eight_bit_comparator behavioral E:/for_testing_submission/src/lab4/eight_bit_comparator.vhd sub00/vhpl35 1511369674
AR full_adder multi_component_full_adder E:/for_testing_submission/project/microprogram_cdp_test_VHDL/full_adder.vhd sub00/vhpl05 1511368807
AR xor_gate xor_architecture E:/for_testing_submission/project/microprogram_cdp_test_VHDL/XOR.vhd sub00/vhpl11 1511368813
EN four_bit_adder_subtractor NULL E:/for_testing_submission/project/microprogram_cdp_test_VHDL/four_bit_adder_subtractor.vhd sub00/vhpl18 1511368820
AR modm_async_count behavioral E:/for_testing_submission/src/lab4/modm_async_count.vhd sub00/vhpl43 1511369680
EN full_adder NULL E:/for_testing_submission/project/microprogram_cdp_test_VHDL/full_adder.vhd sub00/vhpl04 1511368806
EN modm_sync_count NULL E:/for_testing_submission/src/lab4/modm_sync_count.vhd sub00/vhpl38 1511369218
EN or_gate NULL E:/for_testing_submission/project/microprogram_cdp_test_VHDL/OR.vhd sub00/vhpl02 1511369675
AR four_bit_lac behavioral E:/for_testing_submission/project/microprogram_cdp_test_VHDL/four_bit_LAC.vhd sub00/vhpl07 1511368809
EN nbit_incrementer NULL E:/for_testing_submission/src/lab4/nbit_incrementer.vhd sub00/vhpl30 1511369669
AR four_bit_adder_subtractor behavioral E:/for_testing_submission/project/microprogram_cdp_test_VHDL/four_bit_adder_subtractor.vhd sub00/vhpl19 1511368821
AR modm_sync_count behavioral E:/for_testing_submission/src/lab4/modm_sync_count.vhd sub00/vhpl39 1511369219
EN modm_async_count NULL E:/for_testing_submission/src/lab4/modm_async_count.vhd sub00/vhpl42 1511369679
EN xor_gate NULL E:/for_testing_submission/project/microprogram_cdp_test_VHDL/XOR.vhd sub00/vhpl10 1511368812
AR four_bit_lac_adder behavioral E:/for_testing_submission/project/microprogram_cdp_test_VHDL/four_bit_LAC_adder.vhd sub00/vhpl17 1511368819
EN eight_bit_comparator NULL E:/for_testing_submission/src/lab4/eight_bit_comparator.vhd sub00/vhpl34 1511369673
AR nbit_parallel_load_sync_counter behavioural E:/for_testing_submission/src/lab4/nbit_parallel_load_sync_counter.vhd sub00/vhpl37 1511369217
AR two_input_multiplexer multi_component_two_input_multiplexer_arch E:/for_testing_submission/project/microprogram_cdp_test_VHDL/two_input_multiplexer.vhd sub00/vhpl29 1511369205
AR d_flipflop behavioural E:/for_testing_submission/project/microprogram_cdp_test_VHDL/d_flipflop.vhd sub00/vhpl13 1511369664
EN two_input_multiplexer NULL E:/for_testing_submission/project/microprogram_cdp_test_VHDL/two_input_multiplexer.vhd sub00/vhpl28 1511369204
AR or_gate and_architecture E:/for_testing_submission/project/microprogram_cdp_test_VHDL/OR.vhd sub00/vhpl03 1511369676
EN and_gate NULL E:/for_testing_submission/project/microprogram_cdp_test_VHDL/AND.vhd sub00/vhpl26 1511369198
EN nbit_xor_contol NULL E:/for_testing_submission/project/microprogram_cdp_test_VHDL/nbit_xor_contol.vhd sub00/vhpl14 1511368816
