V3 85
FL E:/for_testing_submission/project/microprogram_cdp_test_VHDL/AND.vhd 2017/11/15.13:17:26 P.20131013
EN work/and_gate 1511369198 \
      FL E:/for_testing_submission/project/microprogram_cdp_test_VHDL/AND.vhd \
      PB ieee/std_logic_1164 1381692176
AR work/and_gate/and_architecture 1511369199 \
      FL E:/for_testing_submission/project/microprogram_cdp_test_VHDL/AND.vhd \
      EN work/and_gate 1511369198
FL E:/for_testing_submission/project/microprogram_cdp_test_VHDL/d_flipflop.vhd 2017/11/15.13:17:26 P.20131013
EN work/d_flipflop 1511369663 \
      FL E:/for_testing_submission/project/microprogram_cdp_test_VHDL/d_flipflop.vhd \
      PB ieee/std_logic_1164 1381692176
AR work/d_flipflop/behavioural 1511369664 \
      FL E:/for_testing_submission/project/microprogram_cdp_test_VHDL/d_flipflop.vhd \
      EN work/d_flipflop 1511369663
FL E:/for_testing_submission/project/microprogram_cdp_test_VHDL/four_bit_adder_subtractor.vhd 2017/11/15.13:17:26 P.20131013
EN work/four_bit_adder_subtractor 1511368820 \
      FL E:/for_testing_submission/project/microprogram_cdp_test_VHDL/four_bit_adder_subtractor.vhd \
      PB ieee/std_logic_1164 1381692176
AR work/four_bit_adder_subtractor/Behavioral 1511368821 \
      FL E:/for_testing_submission/project/microprogram_cdp_test_VHDL/four_bit_adder_subtractor.vhd \
      EN work/four_bit_adder_subtractor 1511368820 CP nbit_xor_contol \
      CP four_bit_LAC_adder
FL E:/for_testing_submission/project/microprogram_cdp_test_VHDL/four_bit_LAC.vhd 2017/11/15.13:17:32 P.20131013
EN work/four_bit_LAC 1511368808 \
      FL E:/for_testing_submission/project/microprogram_cdp_test_VHDL/four_bit_LAC.vhd \
      PB ieee/std_logic_1164 1381692176 PB ieee/std_logic_arith 1381692177 \
      PB ieee/STD_LOGIC_UNSIGNED 1381692179
AR work/four_bit_LAC/Behavioral 1511368809 \
      FL E:/for_testing_submission/project/microprogram_cdp_test_VHDL/four_bit_LAC.vhd \
      EN work/four_bit_LAC 1511368808
FL E:/for_testing_submission/project/microprogram_cdp_test_VHDL/four_bit_LAC_adder.vhd 2017/11/15.13:17:26 P.20131013
EN work/four_bit_LAC_adder 1511368818 \
      FL E:/for_testing_submission/project/microprogram_cdp_test_VHDL/four_bit_LAC_adder.vhd \
      PB ieee/std_logic_1164 1381692176 PB ieee/std_logic_arith 1381692177 \
      PB ieee/STD_LOGIC_UNSIGNED 1381692179
AR work/four_bit_LAC_adder/Behavioral 1511368819 \
      FL E:/for_testing_submission/project/microprogram_cdp_test_VHDL/four_bit_LAC_adder.vhd \
      EN work/four_bit_LAC_adder 1511368818 CP four_bit_LAC CP nbit_adder
FL E:/for_testing_submission/project/microprogram_cdp_test_VHDL/full_adder.vhd 2017/11/15.13:17:26 P.20131013
EN work/full_adder 1511368806 \
      FL E:/for_testing_submission/project/microprogram_cdp_test_VHDL/full_adder.vhd \
      PB ieee/std_logic_1164 1381692176
AR work/full_adder/multi_component_full_adder 1511368807 \
      FL E:/for_testing_submission/project/microprogram_cdp_test_VHDL/full_adder.vhd \
      EN work/full_adder 1511368806 CP half_adder CP or_gate
FL E:/for_testing_submission/project/microprogram_cdp_test_VHDL/half_adder.vhd 2017/11/15.13:17:26 P.20131013
EN work/half_adder 1511369667 \
      FL E:/for_testing_submission/project/microprogram_cdp_test_VHDL/half_adder.vhd \
      PB ieee/std_logic_1164 1381692176
AR work/half_adder/low_level_half_adder 1511369668 \
      FL E:/for_testing_submission/project/microprogram_cdp_test_VHDL/half_adder.vhd \
      EN work/half_adder 1511369667
FL E:/for_testing_submission/project/microprogram_cdp_test_VHDL/nbit_adder.vhd 2017/11/15.13:17:26 P.20131013
EN work/nbit_adder 1511368810 \
      FL E:/for_testing_submission/project/microprogram_cdp_test_VHDL/nbit_adder.vhd \
      PB ieee/std_logic_1164 1381692176 PB ieee/std_logic_arith 1381692177 \
      PB ieee/STD_LOGIC_UNSIGNED 1381692179
AR work/nbit_adder/Behavioral 1511368811 \
      FL E:/for_testing_submission/project/microprogram_cdp_test_VHDL/nbit_adder.vhd \
      EN work/nbit_adder 1511368810 CP full_adder
FL E:/for_testing_submission/project/microprogram_cdp_test_VHDL/nbit_reg.vhd 2017/11/15.13:17:26 P.20131013
EN work/nbit_reg 1511369671 \
      FL E:/for_testing_submission/project/microprogram_cdp_test_VHDL/nbit_reg.vhd \
      PB ieee/std_logic_1164 1381692176
AR work/nbit_reg/behavioural 1511369672 \
      FL E:/for_testing_submission/project/microprogram_cdp_test_VHDL/nbit_reg.vhd \
      EN work/nbit_reg 1511369671 CP d_flipflop
FL E:/for_testing_submission/project/microprogram_cdp_test_VHDL/nbit_two_input_mux.vhd 2017/11/15.13:17:26 P.20131013
EN work/nbit_two_input_mux 1511369210 \
      FL E:/for_testing_submission/project/microprogram_cdp_test_VHDL/nbit_two_input_mux.vhd \
      PB ieee/std_logic_1164 1381692176 PB ieee/std_logic_arith 1381692177 \
      PB ieee/STD_LOGIC_UNSIGNED 1381692179
AR work/nbit_two_input_mux/Behavioral 1511369211 \
      FL E:/for_testing_submission/project/microprogram_cdp_test_VHDL/nbit_two_input_mux.vhd \
      EN work/nbit_two_input_mux 1511369210 CP two_input_multiplexer
FL E:/for_testing_submission/project/microprogram_cdp_test_VHDL/nbit_xor_contol.vhd 2017/11/15.13:17:32 P.20131013
EN work/nbit_xor_contol 1511368816 \
      FL E:/for_testing_submission/project/microprogram_cdp_test_VHDL/nbit_xor_contol.vhd \
      PB ieee/std_logic_1164 1381692176 PB ieee/std_logic_arith 1381692177 \
      PB ieee/STD_LOGIC_UNSIGNED 1381692179
AR work/nbit_xor_contol/Behavioral 1511368817 \
      FL E:/for_testing_submission/project/microprogram_cdp_test_VHDL/nbit_xor_contol.vhd \
      EN work/nbit_xor_contol 1511368816 CP xor_gate
FL E:/for_testing_submission/project/microprogram_cdp_test_VHDL/NOT.vhd 2017/11/15.13:17:26 P.20131013
EN work/not_gate 1511369196 \
      FL E:/for_testing_submission/project/microprogram_cdp_test_VHDL/NOT.vhd \
      PB ieee/std_logic_1164 1381692176
AR work/not_gate/not_architecture 1511369197 \
      FL E:/for_testing_submission/project/microprogram_cdp_test_VHDL/NOT.vhd \
      EN work/not_gate 1511369196
FL E:/for_testing_submission/project/microprogram_cdp_test_VHDL/OR.vhd 2017/11/15.13:17:26 P.20131013
EN work/or_gate 1511369675 \
      FL E:/for_testing_submission/project/microprogram_cdp_test_VHDL/OR.vhd \
      PB ieee/std_logic_1164 1381692176
AR work/or_gate/and_architecture 1511369676 \
      FL E:/for_testing_submission/project/microprogram_cdp_test_VHDL/OR.vhd \
      EN work/or_gate 1511369675
FL E:/for_testing_submission/project/microprogram_cdp_test_VHDL/two_input_multiplexer.vhd 2017/11/15.13:17:26 P.20131013
EN work/two_input_multiplexer 1511369204 \
      FL E:/for_testing_submission/project/microprogram_cdp_test_VHDL/two_input_multiplexer.vhd \
      PB ieee/std_logic_1164 1381692176
AR work/two_input_multiplexer/multi_component_two_input_multiplexer_arch 1511369205 \
      FL E:/for_testing_submission/project/microprogram_cdp_test_VHDL/two_input_multiplexer.vhd \
      EN work/two_input_multiplexer 1511369204 CP not_gate CP and_gate CP or_gate
FL E:/for_testing_submission/project/microprogram_cdp_test_VHDL/XOR.vhd 2017/11/15.13:17:26 P.20131013
EN work/xor_gate 1511368812 \
      FL E:/for_testing_submission/project/microprogram_cdp_test_VHDL/XOR.vhd \
      PB ieee/std_logic_1164 1381692176
AR work/xor_gate/xor_architecture 1511368813 \
      FL E:/for_testing_submission/project/microprogram_cdp_test_VHDL/XOR.vhd \
      EN work/xor_gate 1511368812
FL E:/for_testing_submission/src/lab4/eight_bit_comparator.vhd 2017/11/22.15:28:10 P.20131013
EN work/eight_bit_comparator 1511369673 \
      FL E:/for_testing_submission/src/lab4/eight_bit_comparator.vhd \
      PB ieee/std_logic_1164 1381692176 PB ieee/std_logic_arith 1381692177 \
      PB ieee/STD_LOGIC_UNSIGNED 1381692179
AR work/eight_bit_comparator/Behavioral 1511369674 \
      FL E:/for_testing_submission/src/lab4/eight_bit_comparator.vhd \
      EN work/eight_bit_comparator 1511369673
FL E:/for_testing_submission/src/lab4/four_bit_updown_counter.vhd 2017/11/22.15:28:10 P.20131013
EN work/four_bit_updown_counter 1511368824 \
      FL E:/for_testing_submission/src/lab4/four_bit_updown_counter.vhd \
      PB ieee/std_logic_1164 1381692176 PB ieee/std_logic_arith 1381692177 \
      PB ieee/STD_LOGIC_UNSIGNED 1381692179
AR work/four_bit_updown_counter/Behavioural 1511368825 \
      FL E:/for_testing_submission/src/lab4/four_bit_updown_counter.vhd \
      EN work/four_bit_updown_counter 1511368824 CP four_bit_adder_subtractor \
      CP nbit_reg
FL E:/for_testing_submission/src/lab4/modm_async_count.vhd 2017/11/22.15:28:10 P.20131013
EN work/modm_async_count 1511369679 \
      FL E:/for_testing_submission/src/lab4/modm_async_count.vhd \
      PB ieee/std_logic_1164 1381692176
AR work/modm_async_count/Behavioral 1511369680 \
      FL E:/for_testing_submission/src/lab4/modm_async_count.vhd \
      EN work/modm_async_count 1511369679 CP eight_bit_comparator CP or_gate \
      CP nbit_count_enable
FL E:/for_testing_submission/src/lab4/modm_sync_count.vhd 2017/11/22.15:28:10 P.20131013
EN work/modm_sync_count 1511369218 \
      FL E:/for_testing_submission/src/lab4/modm_sync_count.vhd \
      PB ieee/std_logic_1164 1381692176
AR work/modm_sync_count/Behavioral 1511369219 \
      FL E:/for_testing_submission/src/lab4/modm_sync_count.vhd \
      EN work/modm_sync_count 1511369218 CP eight_bit_comparator \
      CP nbit_parallel_load_sync_counter
FL E:/for_testing_submission/src/lab4/nbit_count_enable.vhd 2017/11/22.15:28:10 P.20131013
EN work/nbit_count_enable 1511369677 \
      FL E:/for_testing_submission/src/lab4/nbit_count_enable.vhd \
      PB ieee/std_logic_1164 1381692176 PB ieee/std_logic_arith 1381692177 \
      PB ieee/STD_LOGIC_UNSIGNED 1381692179
AR work/nbit_count_enable/Behavioral 1511369678 \
      FL E:/for_testing_submission/src/lab4/nbit_count_enable.vhd \
      EN work/nbit_count_enable 1511369677 CP nbit_incrementer CP nbit_reg
FL E:/for_testing_submission/src/lab4/nbit_incrementer.vhd 2017/11/22.15:28:10 P.20131013
EN work/nbit_incrementer 1511369669 \
      FL E:/for_testing_submission/src/lab4/nbit_incrementer.vhd \
      PB ieee/std_logic_1164 1381692176
AR work/nbit_incrementer/Behavioral 1511369670 \
      FL E:/for_testing_submission/src/lab4/nbit_incrementer.vhd \
      EN work/nbit_incrementer 1511369669 CP half_adder
FL E:/for_testing_submission/src/lab4/nbit_parallel_load_sync_counter.vhd 2017/11/22.15:28:10 P.20131013
EN work/nbit_parallel_load_sync_counter 1511369216 \
      FL E:/for_testing_submission/src/lab4/nbit_parallel_load_sync_counter.vhd \
      PB ieee/std_logic_1164 1381692176 PB ieee/NUMERIC_STD 1381692181
AR work/nbit_parallel_load_sync_counter/Behavioural 1511369217 \
      FL E:/for_testing_submission/src/lab4/nbit_parallel_load_sync_counter.vhd \
      EN work/nbit_parallel_load_sync_counter 1511369216 CP nbit_incrementer \
      CP nbit_two_input_mux CP nbit_reg
