V3 71
FL C:/Users/neoke/Desktop/DSD-E/for_testing_submission/project/microprogram_cdp_test_VHDL/AND.vhd 2017/11/15.01:14:30 P.20131013
EN work/and_gate 1510773013 \
      FL C:/Users/neoke/Desktop/DSD-E/for_testing_submission/project/microprogram_cdp_test_VHDL/AND.vhd \
      PB ieee/std_logic_1164 1381692176
AR work/and_gate/and_architecture 1510773014 \
      FL C:/Users/neoke/Desktop/DSD-E/for_testing_submission/project/microprogram_cdp_test_VHDL/AND.vhd \
      EN work/and_gate 1510773013
FL C:/Users/neoke/Desktop/DSD-E/for_testing_submission/project/microprogram_cdp_test_VHDL/four_bit_adder_subtractor.vhd 2017/11/15.01:14:31 P.20131013
EN work/four_bit_adder_subtractor 1510773027 \
      FL C:/Users/neoke/Desktop/DSD-E/for_testing_submission/project/microprogram_cdp_test_VHDL/four_bit_adder_subtractor.vhd \
      PB ieee/std_logic_1164 1381692176
AR work/four_bit_adder_subtractor/Behavioral 1510773028 \
      FL C:/Users/neoke/Desktop/DSD-E/for_testing_submission/project/microprogram_cdp_test_VHDL/four_bit_adder_subtractor.vhd \
      EN work/four_bit_adder_subtractor 1510773027 CP nbit_xor_contol \
      CP four_bit_LAC_adder
FL C:/Users/neoke/Desktop/DSD-E/for_testing_submission/project/microprogram_cdp_test_VHDL/four_bit_alu.vhd 2017/11/15.01:14:31 P.20131013
EN work/four_bit_alu 1510773033 \
      FL C:/Users/neoke/Desktop/DSD-E/for_testing_submission/project/microprogram_cdp_test_VHDL/four_bit_alu.vhd \
      PB ieee/std_logic_1164 1381692176 PB ieee/std_logic_arith 1381692177 \
      PB ieee/STD_LOGIC_UNSIGNED 1381692179
AR work/four_bit_alu/Behavioral 1510773034 \
      FL C:/Users/neoke/Desktop/DSD-E/for_testing_submission/project/microprogram_cdp_test_VHDL/four_bit_alu.vhd \
      EN work/four_bit_alu 1510773033 CP four_bit_arithmetic_unit \
      CP nbit_logic_unit CP nbit_two_input_mux
FL C:/Users/neoke/Desktop/DSD-E/for_testing_submission/project/microprogram_cdp_test_VHDL/four_bit_arithmetic_unit.vhd 2017/11/15.01:14:31 P.20131013
EN work/four_bit_arithmetic_unit 1510773029 \
      FL C:/Users/neoke/Desktop/DSD-E/for_testing_submission/project/microprogram_cdp_test_VHDL/four_bit_arithmetic_unit.vhd \
      PB ieee/std_logic_1164 1381692176 PB ieee/std_logic_arith 1381692177 \
      PB ieee/STD_LOGIC_UNSIGNED 1381692179
AR work/four_bit_arithmetic_unit/Behavioral 1510773030 \
      FL C:/Users/neoke/Desktop/DSD-E/for_testing_submission/project/microprogram_cdp_test_VHDL/four_bit_arithmetic_unit.vhd \
      EN work/four_bit_arithmetic_unit 1510773029 CP nbit_two_input_mux \
      CP four_bit_adder_subtractor
FL C:/Users/neoke/Desktop/DSD-E/for_testing_submission/project/microprogram_cdp_test_VHDL/four_bit_LAC.vhd 2017/11/15.01:14:30 P.20131013
EN work/four_bit_LAC 1510773005 \
      FL C:/Users/neoke/Desktop/DSD-E/for_testing_submission/project/microprogram_cdp_test_VHDL/four_bit_LAC.vhd \
      PB ieee/std_logic_1164 1381692176 PB ieee/std_logic_arith 1381692177 \
      PB ieee/STD_LOGIC_UNSIGNED 1381692179
AR work/four_bit_LAC/Behavioral 1510773006 \
      FL C:/Users/neoke/Desktop/DSD-E/for_testing_submission/project/microprogram_cdp_test_VHDL/four_bit_LAC.vhd \
      EN work/four_bit_LAC 1510773005
FL C:/Users/neoke/Desktop/DSD-E/for_testing_submission/project/microprogram_cdp_test_VHDL/four_bit_LAC_adder.vhd 2017/11/15.01:14:31 P.20131013
EN work/four_bit_LAC_adder 1510773019 \
      FL C:/Users/neoke/Desktop/DSD-E/for_testing_submission/project/microprogram_cdp_test_VHDL/four_bit_LAC_adder.vhd \
      PB ieee/std_logic_1164 1381692176 PB ieee/std_logic_arith 1381692177 \
      PB ieee/STD_LOGIC_UNSIGNED 1381692179
AR work/four_bit_LAC_adder/Behavioral 1510773020 \
      FL C:/Users/neoke/Desktop/DSD-E/for_testing_submission/project/microprogram_cdp_test_VHDL/four_bit_LAC_adder.vhd \
      EN work/four_bit_LAC_adder 1510773019 CP four_bit_LAC CP nbit_adder
FL C:/Users/neoke/Desktop/DSD-E/for_testing_submission/project/microprogram_cdp_test_VHDL/four_input_mux.vhd 2017/11/15.01:14:31 P.20131013
EN work/four_input_mux 1510773015 \
      FL C:/Users/neoke/Desktop/DSD-E/for_testing_submission/project/microprogram_cdp_test_VHDL/four_input_mux.vhd \
      PB ieee/std_logic_1164 1381692176
AR work/four_input_mux/behavioural 1510773016 \
      FL C:/Users/neoke/Desktop/DSD-E/for_testing_submission/project/microprogram_cdp_test_VHDL/four_input_mux.vhd \
      EN work/four_input_mux 1510773015
FL C:/Users/neoke/Desktop/DSD-E/for_testing_submission/project/microprogram_cdp_test_VHDL/full_adder.vhd 2017/11/15.01:14:31 P.20131013
EN work/full_adder 1510773003 \
      FL C:/Users/neoke/Desktop/DSD-E/for_testing_submission/project/microprogram_cdp_test_VHDL/full_adder.vhd \
      PB ieee/std_logic_1164 1381692176
AR work/full_adder/multi_component_full_adder 1510773004 \
      FL C:/Users/neoke/Desktop/DSD-E/for_testing_submission/project/microprogram_cdp_test_VHDL/full_adder.vhd \
      EN work/full_adder 1510773003 CP half_adder CP or_gate
FL C:/Users/neoke/Desktop/DSD-E/for_testing_submission/project/microprogram_cdp_test_VHDL/half_adder.vhd 2017/11/15.01:14:31 P.20131013
EN work/half_adder 1510772999 \
      FL C:/Users/neoke/Desktop/DSD-E/for_testing_submission/project/microprogram_cdp_test_VHDL/half_adder.vhd \
      PB ieee/std_logic_1164 1381692176
AR work/half_adder/low_level_half_adder 1510773000 \
      FL C:/Users/neoke/Desktop/DSD-E/for_testing_submission/project/microprogram_cdp_test_VHDL/half_adder.vhd \
      EN work/half_adder 1510772999
FL C:/Users/neoke/Desktop/DSD-E/for_testing_submission/project/microprogram_cdp_test_VHDL/nbit_adder.vhd 2017/11/15.01:14:31 P.20131013
EN work/nbit_adder 1510773007 \
      FL C:/Users/neoke/Desktop/DSD-E/for_testing_submission/project/microprogram_cdp_test_VHDL/nbit_adder.vhd \
      PB ieee/std_logic_1164 1381692176 PB ieee/std_logic_arith 1381692177 \
      PB ieee/STD_LOGIC_UNSIGNED 1381692179
AR work/nbit_adder/Behavioral 1510773008 \
      FL C:/Users/neoke/Desktop/DSD-E/for_testing_submission/project/microprogram_cdp_test_VHDL/nbit_adder.vhd \
      EN work/nbit_adder 1510773007 CP full_adder
FL C:/Users/neoke/Desktop/DSD-E/for_testing_submission/project/microprogram_cdp_test_VHDL/nbit_logic_unit.vhd 2017/11/15.01:14:31 P.20131013
EN work/nbit_logic_unit 1510773031 \
      FL C:/Users/neoke/Desktop/DSD-E/for_testing_submission/project/microprogram_cdp_test_VHDL/nbit_logic_unit.vhd \
      PB ieee/std_logic_1164 1381692176 PB ieee/std_logic_arith 1381692177 \
      PB ieee/STD_LOGIC_UNSIGNED 1381692179
AR work/nbit_logic_unit/Behavioral 1510773032 \
      FL C:/Users/neoke/Desktop/DSD-E/for_testing_submission/project/microprogram_cdp_test_VHDL/nbit_logic_unit.vhd \
      EN work/nbit_logic_unit 1510773031 CP one_bit_logic_slice
FL C:/Users/neoke/Desktop/DSD-E/for_testing_submission/project/microprogram_cdp_test_VHDL/nbit_two_input_mux.vhd 2017/11/15.01:14:31 P.20131013
EN work/nbit_two_input_mux 1510773025 \
      FL C:/Users/neoke/Desktop/DSD-E/for_testing_submission/project/microprogram_cdp_test_VHDL/nbit_two_input_mux.vhd \
      PB ieee/std_logic_1164 1381692176 PB ieee/std_logic_arith 1381692177 \
      PB ieee/STD_LOGIC_UNSIGNED 1381692179
AR work/nbit_two_input_mux/Behavioral 1510773026 \
      FL C:/Users/neoke/Desktop/DSD-E/for_testing_submission/project/microprogram_cdp_test_VHDL/nbit_two_input_mux.vhd \
      EN work/nbit_two_input_mux 1510773025 CP two_input_multiplexer
FL C:/Users/neoke/Desktop/DSD-E/for_testing_submission/project/microprogram_cdp_test_VHDL/nbit_xor_contol.vhd 2017/11/15.01:14:31 P.20131013
EN work/nbit_xor_contol 1510773017 \
      FL C:/Users/neoke/Desktop/DSD-E/for_testing_submission/project/microprogram_cdp_test_VHDL/nbit_xor_contol.vhd \
      PB ieee/std_logic_1164 1381692176 PB ieee/std_logic_arith 1381692177 \
      PB ieee/STD_LOGIC_UNSIGNED 1381692179
AR work/nbit_xor_contol/Behavioral 1510773018 \
      FL C:/Users/neoke/Desktop/DSD-E/for_testing_submission/project/microprogram_cdp_test_VHDL/nbit_xor_contol.vhd \
      EN work/nbit_xor_contol 1510773017 CP xor_gate
FL C:/Users/neoke/Desktop/DSD-E/for_testing_submission/project/microprogram_cdp_test_VHDL/NOT.vhd 2017/11/15.01:14:30 P.20131013
EN work/not_gate 1510773011 \
      FL C:/Users/neoke/Desktop/DSD-E/for_testing_submission/project/microprogram_cdp_test_VHDL/NOT.vhd \
      PB ieee/std_logic_1164 1381692176
AR work/not_gate/not_architecture 1510773012 \
      FL C:/Users/neoke/Desktop/DSD-E/for_testing_submission/project/microprogram_cdp_test_VHDL/NOT.vhd \
      EN work/not_gate 1510773011
FL C:/Users/neoke/Desktop/DSD-E/for_testing_submission/project/microprogram_cdp_test_VHDL/one_bit_logic_slice.vhd 2017/11/15.01:14:31 P.20131013
EN work/one_bit_logic_slice 1510773023 \
      FL C:/Users/neoke/Desktop/DSD-E/for_testing_submission/project/microprogram_cdp_test_VHDL/one_bit_logic_slice.vhd \
      PB ieee/std_logic_1164 1381692176 PB ieee/std_logic_arith 1381692177 \
      PB ieee/STD_LOGIC_UNSIGNED 1381692179
AR work/one_bit_logic_slice/Behavioral 1510773024 \
      FL C:/Users/neoke/Desktop/DSD-E/for_testing_submission/project/microprogram_cdp_test_VHDL/one_bit_logic_slice.vhd \
      EN work/one_bit_logic_slice 1510773023 CP not_gate CP and_gate CP xor_gate \
      CP or_gate CP four_input_mux
FL C:/Users/neoke/Desktop/DSD-E/for_testing_submission/project/microprogram_cdp_test_VHDL/OR.vhd 2017/11/15.01:14:30 P.20131013
EN work/or_gate 1510773001 \
      FL C:/Users/neoke/Desktop/DSD-E/for_testing_submission/project/microprogram_cdp_test_VHDL/OR.vhd \
      PB ieee/std_logic_1164 1381692176
AR work/or_gate/and_architecture 1510773002 \
      FL C:/Users/neoke/Desktop/DSD-E/for_testing_submission/project/microprogram_cdp_test_VHDL/OR.vhd \
      EN work/or_gate 1510773001
FL C:/Users/neoke/Desktop/DSD-E/for_testing_submission/project/microprogram_cdp_test_VHDL/two_input_multiplexer.vhd 2017/11/15.01:14:31 P.20131013
EN work/two_input_multiplexer 1510773021 \
      FL C:/Users/neoke/Desktop/DSD-E/for_testing_submission/project/microprogram_cdp_test_VHDL/two_input_multiplexer.vhd \
      PB ieee/std_logic_1164 1381692176
AR work/two_input_multiplexer/multi_component_two_input_multiplexer_arch 1510773022 \
      FL C:/Users/neoke/Desktop/DSD-E/for_testing_submission/project/microprogram_cdp_test_VHDL/two_input_multiplexer.vhd \
      EN work/two_input_multiplexer 1510773021 CP not_gate CP and_gate CP or_gate
FL C:/Users/neoke/Desktop/DSD-E/for_testing_submission/project/microprogram_cdp_test_VHDL/XOR.vhd 2017/11/15.01:14:30 P.20131013
EN work/xor_gate 1510773009 \
      FL C:/Users/neoke/Desktop/DSD-E/for_testing_submission/project/microprogram_cdp_test_VHDL/XOR.vhd \
      PB ieee/std_logic_1164 1381692176
AR work/xor_gate/xor_architecture 1510773010 \
      FL C:/Users/neoke/Desktop/DSD-E/for_testing_submission/project/microprogram_cdp_test_VHDL/XOR.vhd \
      EN work/xor_gate 1510773009
