Release 14.7 - xst P.20131013 (nt64)
Copyright (c) 1995-2013 Xilinx, Inc.  All rights reserved.
--> Parameter TMPDIR set to xst/projnav.tmp


Total REAL time to Xst completion: 0.00 secs
Total CPU time to Xst completion: 0.13 secs
 
--> Parameter xsthdpdir set to xst


Total REAL time to Xst completion: 0.00 secs
Total CPU time to Xst completion: 0.13 secs
 
--> Reading design: four_bit_updown_counter.prj

TABLE OF CONTENTS
  1) Synthesis Options Summary
  2) HDL Compilation
  3) Design Hierarchy Analysis
  4) HDL Analysis
  5) HDL Synthesis
     5.1) HDL Synthesis Report
  6) Advanced HDL Synthesis
     6.1) Advanced HDL Synthesis Report
  7) Low Level Synthesis
  8) Partition Report
  9) Final Report
	9.1) Device utilization summary
	9.2) Partition Resource Summary
	9.3) TIMING REPORT


=========================================================================
*                      Synthesis Options Summary                        *
=========================================================================
---- Source Parameters
Input File Name                    : "four_bit_updown_counter.prj"
Input Format                       : mixed
Ignore Synthesis Constraint File   : NO

---- Target Parameters
Output File Name                   : "four_bit_updown_counter"
Output Format                      : NGC
Target Device                      : xc3s500e-4-ft256

---- Source Options
Top Module Name                    : four_bit_updown_counter
Automatic FSM Extraction           : YES
FSM Encoding Algorithm             : Auto
Safe Implementation                : No
FSM Style                          : LUT
RAM Extraction                     : Yes
RAM Style                          : Auto
ROM Extraction                     : Yes
Mux Style                          : Auto
Decoder Extraction                 : YES
Priority Encoder Extraction        : Yes
Shift Register Extraction          : YES
Logical Shifter Extraction         : YES
XOR Collapsing                     : YES
ROM Style                          : Auto
Mux Extraction                     : Yes
Resource Sharing                   : YES
Asynchronous To Synchronous        : NO
Multiplier Style                   : Auto
Automatic Register Balancing       : No

---- Target Options
Add IO Buffers                     : YES
Global Maximum Fanout              : 100000
Add Generic Clock Buffer(BUFG)     : 24
Register Duplication               : YES
Slice Packing                      : YES
Optimize Instantiated Primitives   : NO
Use Clock Enable                   : Yes
Use Synchronous Set                : Yes
Use Synchronous Reset              : Yes
Pack IO Registers into IOBs        : Auto
Equivalent register Removal        : YES

---- General Options
Optimization Goal                  : Speed
Optimization Effort                : 1
Keep Hierarchy                     : No
Netlist Hierarchy                  : As_Optimized
RTL Output                         : Yes
Global Optimization                : AllClockNets
Read Cores                         : YES
Write Timing Constraints           : NO
Cross Clock Analysis               : NO
Hierarchy Separator                : /
Bus Delimiter                      : <>
Case Specifier                     : Maintain
Slice Utilization Ratio            : 100
BRAM Utilization Ratio             : 100
Verilog 2001                       : YES
Auto BRAM Packing                  : NO
Slice Utilization Ratio Delta      : 5

=========================================================================


=========================================================================
*                          HDL Compilation                              *
=========================================================================
Compiling vhdl file "E:/for_testing_submission/project/microprogram_cdp_test_VHDL/half_adder.vhd" in Library work.
Entity <half_adder> compiled.
Entity <half_adder> (Architecture <low_level_half_adder>) compiled.
Compiling vhdl file "E:/for_testing_submission/project/microprogram_cdp_test_VHDL/OR.vhd" in Library work.
Entity <or_gate> compiled.
Entity <or_gate> (Architecture <and_architecture>) compiled.
Compiling vhdl file "E:/for_testing_submission/project/microprogram_cdp_test_VHDL/full_adder.vhd" in Library work.
Entity <full_adder> compiled.
Entity <full_adder> (Architecture <multi_component_full_adder>) compiled.
Compiling vhdl file "E:/for_testing_submission/project/microprogram_cdp_test_VHDL/four_bit_LAC.vhd" in Library work.
Entity <four_bit_LAC> compiled.
Entity <four_bit_LAC> (Architecture <Behavioral>) compiled.
Compiling vhdl file "E:/for_testing_submission/project/microprogram_cdp_test_VHDL/nbit_adder.vhd" in Library work.
Entity <nbit_adder> compiled.
Entity <nbit_adder> (Architecture <Behavioral>) compiled.
Compiling vhdl file "E:/for_testing_submission/project/microprogram_cdp_test_VHDL/XOR.vhd" in Library work.
Entity <xor_gate> compiled.
Entity <xor_gate> (Architecture <xor_architecture>) compiled.
Compiling vhdl file "E:/for_testing_submission/project/microprogram_cdp_test_VHDL/d_flipflop.vhd" in Library work.
Entity <d_flipflop> compiled.
Entity <d_flipflop> (Architecture <behavioural>) compiled.
Compiling vhdl file "E:/for_testing_submission/project/microprogram_cdp_test_VHDL/nbit_xor_contol.vhd" in Library work.
Entity <nbit_xor_contol> compiled.
Entity <nbit_xor_contol> (Architecture <Behavioral>) compiled.
Compiling vhdl file "E:/for_testing_submission/project/microprogram_cdp_test_VHDL/four_bit_LAC_adder.vhd" in Library work.
Entity <four_bit_LAC_adder> compiled.
Entity <four_bit_LAC_adder> (Architecture <Behavioral>) compiled.
Compiling vhdl file "E:/for_testing_submission/project/microprogram_cdp_test_VHDL/four_bit_adder_subtractor.vhd" in Library work.
Entity <four_bit_adder_subtractor> compiled.
Entity <four_bit_adder_subtractor> (Architecture <Behavioral>) compiled.
Compiling vhdl file "E:/for_testing_submission/project/microprogram_cdp_test_VHDL/nbit_reg.vhd" in Library work.
Entity <nbit_reg> compiled.
Entity <nbit_reg> (Architecture <behavioural>) compiled.
Compiling vhdl file "E:/for_testing_submission/src/lab4/four_bit_updown_counter.vhd" in Library work.
Entity <four_bit_updown_counter> compiled.
Entity <four_bit_updown_counter> (Architecture <Behavioural>) compiled.

=========================================================================
*                     Design Hierarchy Analysis                         *
=========================================================================
Analyzing hierarchy for entity <four_bit_updown_counter> in library <work> (architecture <Behavioural>) with generics.
	n = 4

Analyzing hierarchy for entity <four_bit_adder_subtractor> in library <work> (architecture <Behavioral>).

Analyzing hierarchy for entity <nbit_reg> in library <work> (architecture <behavioural>) with generics.
	n = 4

Analyzing hierarchy for entity <nbit_xor_contol> in library <work> (architecture <Behavioral>) with generics.
	n = 4

Analyzing hierarchy for entity <four_bit_LAC_adder> in library <work> (architecture <Behavioral>).

Analyzing hierarchy for entity <d_flipflop> in library <work> (architecture <behavioural>).

Analyzing hierarchy for entity <xor_gate> in library <work> (architecture <xor_architecture>).

Analyzing hierarchy for entity <four_bit_LAC> in library <work> (architecture <Behavioral>).

Analyzing hierarchy for entity <nbit_adder> in library <work> (architecture <Behavioral>) with generics.
	n = 4

Analyzing hierarchy for entity <full_adder> in library <work> (architecture <multi_component_full_adder>).

Analyzing hierarchy for entity <half_adder> in library <work> (architecture <low_level_half_adder>).

Analyzing hierarchy for entity <or_gate> in library <work> (architecture <and_architecture>).


=========================================================================
*                            HDL Analysis                               *
=========================================================================
Analyzing generic Entity <four_bit_updown_counter> in library <work> (Architecture <Behavioural>).
	n = 4
Entity <four_bit_updown_counter> analyzed. Unit <four_bit_updown_counter> generated.

Analyzing Entity <four_bit_adder_subtractor> in library <work> (Architecture <Behavioral>).
Entity <four_bit_adder_subtractor> analyzed. Unit <four_bit_adder_subtractor> generated.

Analyzing generic Entity <nbit_xor_contol> in library <work> (Architecture <Behavioral>).
	n = 4
Entity <nbit_xor_contol> analyzed. Unit <nbit_xor_contol> generated.

Analyzing Entity <xor_gate> in library <work> (Architecture <xor_architecture>).
Entity <xor_gate> analyzed. Unit <xor_gate> generated.

Analyzing Entity <four_bit_LAC_adder> in library <work> (Architecture <Behavioral>).
Entity <four_bit_LAC_adder> analyzed. Unit <four_bit_LAC_adder> generated.

Analyzing Entity <four_bit_LAC> in library <work> (Architecture <Behavioral>).
Entity <four_bit_LAC> analyzed. Unit <four_bit_LAC> generated.

Analyzing generic Entity <nbit_adder> in library <work> (Architecture <Behavioral>).
	n = 4
Entity <nbit_adder> analyzed. Unit <nbit_adder> generated.

Analyzing Entity <full_adder> in library <work> (Architecture <multi_component_full_adder>).
Entity <full_adder> analyzed. Unit <full_adder> generated.

Analyzing Entity <half_adder> in library <work> (Architecture <low_level_half_adder>).
Entity <half_adder> analyzed. Unit <half_adder> generated.

Analyzing Entity <or_gate> in library <work> (Architecture <and_architecture>).
Entity <or_gate> analyzed. Unit <or_gate> generated.

Analyzing generic Entity <nbit_reg> in library <work> (Architecture <behavioural>).
	n = 4
Entity <nbit_reg> analyzed. Unit <nbit_reg> generated.

Analyzing Entity <d_flipflop> in library <work> (Architecture <behavioural>).
Entity <d_flipflop> analyzed. Unit <d_flipflop> generated.


=========================================================================
*                           HDL Synthesis                               *
=========================================================================

Performing bidirectional port resolution...

Synthesizing Unit <xor_gate>.
    Related source file is "E:/for_testing_submission/project/microprogram_cdp_test_VHDL/XOR.vhd".
Unit <xor_gate> synthesized.


Synthesizing Unit <four_bit_LAC>.
    Related source file is "E:/for_testing_submission/project/microprogram_cdp_test_VHDL/four_bit_LAC.vhd".
WARNING:Xst:646 - Signal <P<3>> is assigned but never used. This unconnected signal will be trimmed during the optimization process.
WARNING:Xst:646 - Signal <G<3>> is assigned but never used. This unconnected signal will be trimmed during the optimization process.
Unit <four_bit_LAC> synthesized.


Synthesizing Unit <half_adder>.
    Related source file is "E:/for_testing_submission/project/microprogram_cdp_test_VHDL/half_adder.vhd".
Unit <half_adder> synthesized.


Synthesizing Unit <or_gate>.
    Related source file is "E:/for_testing_submission/project/microprogram_cdp_test_VHDL/OR.vhd".
Unit <or_gate> synthesized.


Synthesizing Unit <d_flipflop>.
    Related source file is "E:/for_testing_submission/project/microprogram_cdp_test_VHDL/d_flipflop.vhd".
INFO:Xst:1608 - Relative priorities of control signals on register <qnot> differ from those commonly found in the selected device family. This will result in additional logic around the register.
    Found 1-bit register for signal <qnot>.
    Found 1-bit register for signal <q>.
    Summary:
	inferred   2 D-type flip-flop(s).
Unit <d_flipflop> synthesized.


Synthesizing Unit <nbit_reg>.
    Related source file is "E:/for_testing_submission/project/microprogram_cdp_test_VHDL/nbit_reg.vhd".
Unit <nbit_reg> synthesized.


Synthesizing Unit <nbit_xor_contol>.
    Related source file is "E:/for_testing_submission/project/microprogram_cdp_test_VHDL/nbit_xor_contol.vhd".
Unit <nbit_xor_contol> synthesized.


Synthesizing Unit <full_adder>.
    Related source file is "E:/for_testing_submission/project/microprogram_cdp_test_VHDL/full_adder.vhd".
Unit <full_adder> synthesized.


Synthesizing Unit <nbit_adder>.
    Related source file is "E:/for_testing_submission/project/microprogram_cdp_test_VHDL/nbit_adder.vhd".
Unit <nbit_adder> synthesized.


Synthesizing Unit <four_bit_LAC_adder>.
    Related source file is "E:/for_testing_submission/project/microprogram_cdp_test_VHDL/four_bit_LAC_adder.vhd".
WARNING:Xst:646 - Signal <dummy> is assigned but never used. This unconnected signal will be trimmed during the optimization process.
Unit <four_bit_LAC_adder> synthesized.


Synthesizing Unit <four_bit_adder_subtractor>.
    Related source file is "E:/for_testing_submission/project/microprogram_cdp_test_VHDL/four_bit_adder_subtractor.vhd".
Unit <four_bit_adder_subtractor> synthesized.


Synthesizing Unit <four_bit_updown_counter>.
    Related source file is "E:/for_testing_submission/src/lab4/four_bit_updown_counter.vhd".
WARNING:Xst:646 - Signal <nc2> is assigned but never used. This unconnected signal will be trimmed during the optimization process.
WARNING:Xst:646 - Signal <nc1> is assigned but never used. This unconnected signal will be trimmed during the optimization process.
Unit <four_bit_updown_counter> synthesized.


=========================================================================
HDL Synthesis Report

Macro Statistics
# Registers                                            : 8
 1-bit register                                        : 8

=========================================================================

=========================================================================
*                       Advanced HDL Synthesis                          *
=========================================================================

WARNING:Xst:1290 - Hierarchical block <OrGate> is unconnected in block <inst[2].nbit_adder_i>.
   It will be removed from the design.
WARNING:Xst:1290 - Hierarchical block <OrGate> is unconnected in block <inst[1].nbit_adder_i>.
   It will be removed from the design.
WARNING:Xst:1290 - Hierarchical block <OrGate> is unconnected in block <inst[0].nbit_adder_i>.
   It will be removed from the design.
WARNING:Xst:1290 - Hierarchical block <OrGate> is unconnected in block <nbit_adder_last>.
   It will be removed from the design.

=========================================================================
Advanced HDL Synthesis Report

Macro Statistics
# Registers                                            : 8
 Flip-Flops                                            : 8

=========================================================================

=========================================================================
*                         Low Level Synthesis                           *
=========================================================================
WARNING:Xst:2677 - Node <PartB/inst[3].d_flipflop_i/qnot> of sequential type is unconnected in block <four_bit_updown_counter>.
WARNING:Xst:2677 - Node <PartB/inst[2].d_flipflop_i/qnot> of sequential type is unconnected in block <four_bit_updown_counter>.
WARNING:Xst:2677 - Node <PartB/inst[1].d_flipflop_i/qnot> of sequential type is unconnected in block <four_bit_updown_counter>.
WARNING:Xst:2677 - Node <PartB/inst[0].d_flipflop_i/qnot> of sequential type is unconnected in block <four_bit_updown_counter>.

Optimizing unit <four_bit_updown_counter> ...

Mapping all equations...
Building and optimizing final netlist ...
Found area constraint ratio of 100 (+ 5) on block four_bit_updown_counter, actual ratio is 0.

Final Macro Processing ...

=========================================================================
Final Register Report

Macro Statistics
# Registers                                            : 4
 Flip-Flops                                            : 4

=========================================================================

=========================================================================
*                           Partition Report                            *
=========================================================================

Partition Implementation Status
-------------------------------

  No Partitions were found in this design.

-------------------------------

=========================================================================
*                            Final Report                               *
=========================================================================
Final Results
RTL Top Level Output File Name     : four_bit_updown_counter.ngr
Top Level Output File Name         : four_bit_updown_counter
Output Format                      : NGC
Optimization Goal                  : Speed
Keep Hierarchy                     : No

Design Statistics
# IOs                              : 11

Cell Usage :
# BELS                             : 16
#      GND                         : 1
#      LUT2                        : 2
#      LUT2_L                      : 1
#      LUT3                        : 3
#      LUT3_D                      : 1
#      LUT4                        : 6
#      MUXF5                       : 2
# FlipFlops/Latches                : 4
#      FDCP                        : 4
# Clock Buffers                    : 1
#      BUFGP                       : 1
# IO Buffers                       : 10
#      IBUF                        : 6
#      OBUF                        : 4
=========================================================================

Device utilization summary:
---------------------------

Selected Device : 3s500eft256-4 

 Number of Slices:                        7  out of   4656     0%  
 Number of Slice Flip Flops:              4  out of   9312     0%  
 Number of 4 input LUTs:                 13  out of   9312     0%  
 Number of IOs:                          11
 Number of bonded IOBs:                  11  out of    190     5%  
 Number of GCLKs:                         1  out of     24     4%  

---------------------------
Partition Resource Summary:
---------------------------

  No Partitions were found in this design.

---------------------------


=========================================================================
TIMING REPORT

NOTE: THESE TIMING NUMBERS ARE ONLY A SYNTHESIS ESTIMATE.
      FOR ACCURATE TIMING INFORMATION PLEASE REFER TO THE TRACE REPORT
      GENERATED AFTER PLACE-and-ROUTE.

Clock Information:
------------------
-----------------------------------+------------------------+-------+
Clock Signal                       | Clock buffer(FF name)  | Load  |
-----------------------------------+------------------------+-------+
CLK                                | BUFGP                  | 4     |
-----------------------------------+------------------------+-------+

Asynchronous Control Signals Information:
----------------------------------------
-----------------------------------+-----------------------------------+-------+
Control Signal                     | Buffer(FF name)                   | Load  |
-----------------------------------+-----------------------------------+-------+
N0(XST_GND:G)                      | NONE(PartB/inst[0].d_flipflop_i/q)| 4     |
reset                              | IBUF                              | 4     |
-----------------------------------+-----------------------------------+-------+

Timing Summary:
---------------
Speed Grade: -4

   Minimum period: 3.826ns (Maximum Frequency: 261.370MHz)
   Minimum input arrival time before clock: 5.518ns
   Maximum output required time after clock: 4.571ns
   Maximum combinational path delay: No path found

Timing Detail:
--------------
All values displayed in nanoseconds (ns)

=========================================================================
Timing constraint: Default period analysis for Clock 'CLK'
  Clock period: 3.826ns (frequency: 261.370MHz)
  Total number of paths / destination ports: 15 / 4
-------------------------------------------------------------------------
Delay:               3.826ns (Levels of Logic = 3)
  Source:            PartB/inst[2].d_flipflop_i/q (FF)
  Destination:       PartB/inst[3].d_flipflop_i/q (FF)
  Source Clock:      CLK rising
  Destination Clock: CLK rising

  Data Path: PartB/inst[2].d_flipflop_i/q to PartB/inst[3].d_flipflop_i/q
                                Gate     Net
    Cell:in->out      fanout   Delay   Delay  Logical Name (Net Name)
    ----------------------------------------  ------------
     FDCP:C->Q             7   0.591   0.743  PartB/inst[2].d_flipflop_i/q (PartB/inst[2].d_flipflop_i/q)
     LUT3:I2->O            1   0.704   0.000  PartA/lac_adder/fourBitLAC/C_terms_2_or00001_SW2_F (N8)
     MUXF5:I0->O           1   0.321   0.455  PartA/lac_adder/fourBitLAC/C_terms_2_or00001_SW2 (N5)
     LUT4:I2->O            1   0.704   0.000  PartA/lac_adder/fourBitAdder/nbit_adder_last/HalfA2/s1 (sumToRegister<3>)
     FDCP:D                    0.308          PartB/inst[3].d_flipflop_i/q
    ----------------------------------------
    Total                      3.826ns (2.628ns logic, 1.198ns route)
                                       (68.7% logic, 31.3% route)

=========================================================================
Timing constraint: Default OFFSET IN BEFORE for Clock 'CLK'
  Total number of paths / destination ports: 27 / 4
-------------------------------------------------------------------------
Offset:              5.518ns (Levels of Logic = 4)
  Source:            downUp (PAD)
  Destination:       PartB/inst[2].d_flipflop_i/q (FF)
  Destination Clock: CLK rising

  Data Path: downUp to PartB/inst[2].d_flipflop_i/q
                                Gate     Net
    Cell:in->out      fanout   Delay   Delay  Logical Name (Net Name)
    ----------------------------------------  ------------
     IBUF:I->O             9   1.218   0.899  downUp_IBUF (downUp_IBUF)
     LUT2:I1->O            2   0.704   0.526  PartA/xor_control/inst[2].xor_gate_i/f1 (PartA/s0<2>)
     LUT4:I1->O            1   0.704   0.455  PartA/lac_adder/fourBitLAC/C_terms_2_or00001_SW1 (N3)
     LUT4:I2->O            1   0.704   0.000  PartA/lac_adder/fourBitAdder/inst[2].nbit_adder_i/HalfA2/s1 (sumToRegister<2>)
     FDCP:D                    0.308          PartB/inst[2].d_flipflop_i/q
    ----------------------------------------
    Total                      5.518ns (3.638ns logic, 1.880ns route)
                                       (65.9% logic, 34.1% route)

=========================================================================
Timing constraint: Default OFFSET OUT AFTER for Clock 'CLK'
  Total number of paths / destination ports: 4 / 4
-------------------------------------------------------------------------
Offset:              4.571ns (Levels of Logic = 1)
  Source:            PartB/inst[2].d_flipflop_i/q (FF)
  Destination:       Q_output<2> (PAD)
  Source Clock:      CLK rising

  Data Path: PartB/inst[2].d_flipflop_i/q to Q_output<2>
                                Gate     Net
    Cell:in->out      fanout   Delay   Delay  Logical Name (Net Name)
    ----------------------------------------  ------------
     FDCP:C->Q             7   0.591   0.708  PartB/inst[2].d_flipflop_i/q (PartB/inst[2].d_flipflop_i/q)
     OBUF:I->O                 3.272          Q_output_2_OBUF (Q_output<2>)
    ----------------------------------------
    Total                      4.571ns (3.863ns logic, 0.708ns route)
                                       (84.5% logic, 15.5% route)

=========================================================================


Total REAL time to Xst completion: 11.00 secs
Total CPU time to Xst completion: 11.58 secs
 
--> 

Total memory usage is 259388 kilobytes

Number of errors   :    0 (   0 filtered)
Number of warnings :   13 (   0 filtered)
Number of infos    :    1 (   0 filtered)

